// Jest Snapshot v1, https://goo.gl/fbAQLP

exports[`ErrorBoundary expects to render Child component 1`] = `<MockChild />`;
